Mono path[0] = 'Z:/home/evan/dwn/Build/Loop Keeper_Data/Managed'
Mono config path = 'Z:/home/evan/dwn/Build/MonoBleedingEdge/etc'
CodeReloadManager initialized
Input System module state changed to: Initialized.
[Physics::Module] Initialized fallback backend.
[Physics::Module] Id: 0xdecafbad
Initialize engine version: 6000.4.9f1 (f7258d6eebbe)
[Subsystems] Discovering subsystems at path Z:/home/evan/dwn/Build/Loop Keeper_Data/UnitySubsystems
[D3D12 Device Filter] Vendor Name: NVIDIA
[D3D12 Device Filter] Device Name: NVIDIA GeForce GTX 1050 Ti
[D3D12 Device Filter] Driver Version: 31.0.15.3118
[D3D12 Device Filter] Feature Level: 11.1
[D3D12 Device Filter] Graphics Memory: 4096 MB
[D3D12 Device Filter] Processor Count: 12
[D3D12 Device Filter] Device Type: Discrete
[D3D12 Device Filter] D3D12 API denied by user filter: {"Feature Level Comparator": Less Than"Feature Level": "12.1", "Device Type:": Do Not Care}
GfxDevice: creating device client; kGfxThreadingModeClientWorkerJobs
Direct3D:
    Version:  Direct3D 11.0 [level 11.1]
    Renderer: NVIDIA GeForce GTX 1050 Ti (ID=0x1c82)
    Vendor:   NVIDIA
    VRAM:     4096 MB
    Driver:   31.0.15.3118
Begin MonoManager ReloadAssembly
- Finished resetting the current domain, in  0.003 seconds
[Physics::Module] Selected backend.
[Physics::Module] Name: PhysX
[Physics::Module] Id: 0xf2b8ea05
[Physics::Module] SDK Version: 4.1.2
[Physics::Module] Integration Version: 1.0.0
[Physics::Module] Threading Mode: Multi-Threaded
GpuFence::Create(): Failed to create ID3D11Fence, error 0x80004001
<RI> Initializing input.
Using Windows.Gaming.Input
UnloadTime: 0.708000 ms
Unloading 6 Unused Serialized files (Serialized files now loaded: 0)
ArgumentNullException: Value cannot be null.
Parameter name: source
  at UnityEngine.Bindings.ThrowHelper.ThrowArgumentNullException (System.Object obj, System.String parameterName) [0x00011] in <22800d9bb5a748b5b47fcf92d4b7f5cb>:0 
  at UnityEngine.AudioSource.PlayOneShotHelper (UnityEngine.AudioSource source, UnityEngine.AudioClip clip, System.Single volumeScale) [0x00024] in <5c3f1f0f934e452d9f18f941df8a9b03>:0 
  at UnityEngine.AudioSource.PlayOneShot (UnityEngine.AudioClip clip, System.Single volumeScale) [0x00014] in <5c3f1f0f934e452d9f18f941df8a9b03>:0 
  at UnityEngine.AudioSource.PlayOneShot (UnityEngine.AudioClip clip) [0x00000] in <5c3f1f0f934e452d9f18f941df8a9b03>:0 
  at SoundManager.Playsound (UnityEngine.AudioClip clip) [0x00000] in <96967b056467488faf5fa7f4401603e9>:0 
  at MainMenu.PlayCancelSound () [0x00005] in <96967b056467488faf5fa7f4401603e9>:0 
  at UnityEngine.Events.InvokableCall.Invoke () [0x0000d] in <22800d9bb5a748b5b47fcf92d4b7f5cb>:0 
  at UnityEngine.Events.UnityEvent`1[T0].Invoke (T0 arg0) [0x00034] in <22800d9bb5a748b5b47fcf92d4b7f5cb>:0 
  at UnityEngine.EventSystems.EventTrigger.Execute (UnityEngine.EventSystems.EventTriggerType id, UnityEngine.EventSystems.BaseEventData eventData) [0x00022] in <902183317595407dbdaaf778bb8b90e8>:0 
  at UnityEngine.EventSystems.EventTrigger.OnPointerExit (UnityEngine.EventSystems.PointerEventData eventData) [0x00000] in <902183317595407dbdaaf778bb8b90e8>:0 
  at UnityEngine.EventSystems.ExecuteEvents.Execute (UnityEngine.EventSystems.IPointerExitHandler handler, UnityEngine.EventSystems.BaseEventData eventData) [0x00007] in <902183317595407dbdaaf778bb8b90e8>:0 
  at UnityEngine.EventSystems.ExecuteEvents.Execute[T] (UnityEngine.GameObject target, UnityEngine.EventSystems.BaseEventData eventData, UnityEngine.EventSystems.ExecuteEvents+EventFunction`1[T1] functor) [0x00067] in <902183317595407dbdaaf778bb8b90e8>:0 
UnityEngine.DebugLogHandler:Internal_LogException_Injected(Exception, IntPtr)
UnityEngine.DebugLogHandler:Internal_LogException(Exception, Object)
UnityEngine.DebugLogHandler:LogException(Exception, Object)
UnityEngine.Logger:LogException(Exception, Object)
UnityEngine.Debug:LogException(Exception)
UnityEngine.EventSystems.ExecuteEvents:Execute(GameObject, BaseEventData, EventFunction`1)
UnityEngine.InputSystem.UI.InputSystemUIInputModule:ProcessPointerMovement(ExtendedPointerEventData, GameObject)
UnityEngine.InputSystem.UI.InputSystemUIInputModule:SendPointerExitEventsAndRemovePointer(Int32)
UnityEngine.InputSystem.UI.InputSystemUIInputModule:ResetPointers()
UnityEngine.InputSystem.UI.InputSystemUIInputModule:OnDisable()

UnloadTime: 18.547900 ms
Unloading 15 unused Assets to reduce memory usage. Loaded Objects now: 4180.
Total: 4.324400 ms (FindLiveObjects: 0.204600 ms CreateObjectMapping: 0.096600 ms MarkObjects: 3.960200 ms  DeleteObjects: 0.062200 ms)

Unloading 3 Unused Serialized files (Serialized files now loaded: 0)
UnloadTime: 9.206400 ms
Unloading 2 unused Assets to reduce memory usage. Loaded Objects now: 4183.
Total: 3.885600 ms (FindLiveObjects: 0.341400 ms CreateObjectMapping: 0.117400 ms MarkObjects: 3.407900 ms  DeleteObjects: 0.018000 ms)

[Physics::Module] Cleanup current backend.
[Physics::Module] Id: 0xf2b8ea05
Input System module state changed to: ShutdownInProgress.
Input Polling Thread exited.
Input System module state changed to: Shutdown.
CodeReloadManager destroyed
GarbageCollector disposing of ComputeBuffer. Please use ComputeBuffer.Release() or .Dispose() to manually release the buffer.
