Godot Engine v4.5.stable.official.876b29033 - https://godotengine.org
OpenGL API 3.3.0 NVIDIA 580.159.04 - Compatibility - Using Device: NVIDIA - NVIDIA GeForce GTX 1050 Ti

SW Init timestamp: 240
ERROR: Condition "!is_inside_tree()" is true. Returning: Transform3D()
   at: get_global_transform (scene/3d/node_3d.cpp:621)
SW ready start timestamp: 742
SW ready end timestamp: 742
ERROR: Node not found: "/root/world/ui/description" (absolute path attempted from "/root/title/companytruck/repairui/ui/0/hood").
   at: get_node (scene/main/node.cpp:1904)
ERROR: Node not found: "/root/world/ui/description" (absolute path attempted from "/root/title/companytruck/repairui/ui/1/gas").
   at: get_node (scene/main/node.cpp:1904)
ERROR: Node not found: "/root/world/ui/description" (absolute path attempted from "/root/title/companytruck/repairui/ui/1/tire").
   at: get_node (scene/main/node.cpp:1904)
ERROR: Node not found: "/root/world/ui/description" (absolute path attempted from "/root/title/companytruck/repairui/ui/1/cement").
   at: get_node (scene/main/node.cpp:1904)
ERROR: Node not found: "/root/world/ui/description" (absolute path attempted from "/root/title/companytruck/repairui/ui/1/tire2").
   at: get_node (scene/main/node.cpp:1904)
ERROR: Path to node is invalid: 'CSGMesh/dash/speed/mileage/label'.
   at: _setup_local_to_scene (scene/main/viewport.cpp:197)
ERROR: Path to node is invalid: 'CSGMesh/dash/speed/text/label'.
   at: _setup_local_to_scene (scene/main/viewport.cpp:197)
ERROR: Path to node is invalid: 'CSGMesh/dash/shiftindicator/gear'.
   at: _setup_local_to_scene (scene/main/viewport.cpp:197)
ERROR: Viewport Texture must be set to use it.
   at: _err_print_viewport_not_set (scene/main/viewport.cpp:188)
ERROR: Parameter "data.tree" is null.
   at: get_tree (scene/main/node.h:507)
res://scenes/main.tscn
ERROR: Condition "!is_inside_tree()" is true. Returning: Transform3D()
   at: get_global_transform (scene/3d/node_3d.cpp:621)
ERROR: Viewport Texture must be set to use it.
   at: _err_print_viewport_not_set (scene/main/viewport.cpp:188)
8894610
virelaiPoste.mp3
francobattiatoCentrodiGravitaPermanente.mp3
WARNING: ObjectDB instances leaked at exit (run with --verbose for details).
   at: cleanup (core/object/object.cpp:2514)
