1: 0 2: 1033 3: 1252 
=== Logging started: 8/6/2026  2:39:20 ===
Message type: 0, Argument: 1033
Message type: 1, Argument: Microsoft Visual C++ 2013 x86 Minimum Runtime - 12.0.40664
Action 2:39:20: INSTALL. 
Action start 2:39:20: INSTALL.
1: 0 2: 1033 3: 1252 
1: 0 2: 1033 3: 1252 
=== Logging started: 8/6/2026  2:39:20 ===
Message type: 0, Argument: 1033
Message type: 1, Argument: Microsoft Visual C++ 2013 x86 Minimum Runtime - 12.0.40664
Action 2:39:20: INSTALL. 
Action start 2:39:20: INSTALL.
1: Microsoft Visual C++ 2013 x86 Minimum Runtime - 12.0.40664 2: {8122DAB1-ED4D-3676-BB0A-CA368196543E} 
Action 2:39:20: FindRelatedProducts. Searching for related applications
Action start 2:39:20: FindRelatedProducts.
Action ended 2:39:20: FindRelatedProducts. Return value 1.
Action 2:39:20: LaunchConditions. Evaluating launch conditions
Action start 2:39:20: LaunchConditions.
Action ended 2:39:20: LaunchConditions. Return value 1.
Action 2:39:20: AppSearch. Searching for installed applications
Action start 2:39:20: AppSearch.
Property: REDISTFOUNDVERLANG, Signature: DetectRedistVerLangSignature
Property: REDISTFOUNDVER, Signature: DetectRedistVerSignature
Property: JSHFOUNDVER, Signature: DetectJSHVerSignature
Property: OCMFOUNDVER, Signature: DetectOCMRedistVerSignature
Property: OCMFOUNDVERLANG, Signature: DetectOCMRedistVerLangSignature
Action ended 2:39:20: AppSearch. Return value 1.
Action 2:39:20: ValidateProductID. 
Action start 2:39:20: ValidateProductID.
Action ended 2:39:20: ValidateProductID. Return value 1.
Action 2:39:20: CostInitialize. Computing space requirements
Action start 2:39:20: CostInitialize.
Action ended 2:39:20: CostInitialize. Return value 1.
Action 2:39:20: FileCost. Computing space requirements
Action start 2:39:20: FileCost.
Action ended 2:39:20: FileCost. Return value 1.
Action 2:39:20: CostFinalize. Computing space requirements
Action start 2:39:20: CostFinalize.
Action ended 2:39:20: CostFinalize. Return value 1.
Action 2:39:20: SetODBCFolders. Initializing ODBC directories
Action start 2:39:20: SetODBCFolders.
Action ended 2:39:20: SetODBCFolders. Return value 1.
Action 2:39:20: InstallValidate. Validating install
Action start 2:39:20: InstallValidate.
Action ended 2:39:20: InstallValidate. Return value 1.
Action 2:39:20: InstallInitialize. 
Action start 2:39:20: InstallInitialize.
Action ended 2:39:20: InstallInitialize. Return value 1.
Action 2:39:20: AllocateRegistrySpace. Allocating registry space
Action start 2:39:20: AllocateRegistrySpace.
Free space: 0
Action ended 2:39:20: AllocateRegistrySpace. Return value 1.
Action 2:39:20: ProcessComponents. Updating component registration
Action start 2:39:20: ProcessComponents.
Action ended 2:39:20: ProcessComponents. Return value 1.
Action 2:39:20: UnpublishComponents. Unpublishing Qualified Components
Action start 2:39:20: UnpublishComponents.
Action ended 2:39:20: UnpublishComponents. Return value 1.
Action 2:39:20: MsiUnpublishAssemblies. Unpublishing assembly information
Action start 2:39:20: MsiUnpublishAssemblies.
Action ended 2:39:20: MsiUnpublishAssemblies. Return value 1.
Action 2:39:20: UnpublishFeatures. Unpublishing Product Features
Action start 2:39:20: UnpublishFeatures.
Action ended 2:39:20: UnpublishFeatures. Return value 1.
Action 2:39:20: StopServices. Stopping services
Action start 2:39:20: StopServices.
Action ended 2:39:20: StopServices. Return value 1.
Action 2:39:20: DeleteServices. Deleting services
Action start 2:39:20: DeleteServices.
Action ended 2:39:20: DeleteServices. Return value 1.
Action 2:39:20: UnregisterComPlus. Unregistering COM+ Applications and Components
Action start 2:39:20: UnregisterComPlus.
Action ended 2:39:20: UnregisterComPlus. Return value 1.
Action 2:39:20: SelfUnregModules. Unregistering modules
Action start 2:39:20: SelfUnregModules.
Action ended 2:39:20: SelfUnregModules. Return value 1.
Action 2:39:20: UnregisterTypeLibraries. Unregistering type libraries
Action start 2:39:20: UnregisterTypeLibraries.
Action ended 2:39:20: UnregisterTypeLibraries. Return value 1.
Action 2:39:20: RemoveODBC. Removing ODBC components
Action start 2:39:20: RemoveODBC.
Action ended 2:39:20: RemoveODBC. Return value 1.
Action 2:39:20: UnregisterFonts. Unregistering fonts
Action start 2:39:20: UnregisterFonts.
Action ended 2:39:20: UnregisterFonts. Return value 1.
Action 2:39:20: RemoveRegistryValues. Removing system registry values
Action start 2:39:20: RemoveRegistryValues.
Action ended 2:39:20: RemoveRegistryValues. Return value 1.
Action 2:39:20: UnregisterClassInfo. Unregister Class servers
Action start 2:39:20: UnregisterClassInfo.
Action ended 2:39:20: UnregisterClassInfo. Return value 1.
Action 2:39:20: UnregisterMIMEInfo. Unregistering MIME info
Action start 2:39:20: UnregisterMIMEInfo.
Action ended 2:39:20: UnregisterMIMEInfo. Return value 1.
Action 2:39:20: RemoveIniValues. Removing INI files entries
Action start 2:39:20: RemoveIniValues.
Action ended 2:39:20: RemoveIniValues. Return value 1.
Action 2:39:20: RemoveShortcuts. Removing shortcuts
Action start 2:39:20: RemoveShortcuts.
Action ended 2:39:20: RemoveShortcuts. Return value 1.
Action 2:39:20: RemoveEnvironmentStrings. Updating environment strings
Action start 2:39:20: RemoveEnvironmentStrings.
Action ended 2:39:20: RemoveEnvironmentStrings. Return value 1.
Action 2:39:20: RemoveDuplicateFiles. Removing duplicated files
Action start 2:39:20: RemoveDuplicateFiles.
Action ended 2:39:20: RemoveDuplicateFiles. Return value 1.
Action 2:39:20: RemoveFiles. Removing files
Action start 2:39:20: RemoveFiles.
Action ended 2:39:20: RemoveFiles. Return value 1.
Action 2:39:20: RemoveFolders. Removing folders
Action start 2:39:20: RemoveFolders.
Action ended 2:39:20: RemoveFolders. Return value 1.
Action 2:39:20: CreateFolders. Creating folders
Action start 2:39:20: CreateFolders.
Action ended 2:39:20: CreateFolders. Return value 1.
Action 2:39:20: MoveFiles. Moving files
Action start 2:39:20: MoveFiles.
Action ended 2:39:20: MoveFiles. Return value 1.
Action 2:39:20: InstallFiles. Copying new files
Action start 2:39:20: InstallFiles.
Action ended 2:39:20: InstallFiles. Return value 1.
Action 2:39:20: DuplicateFiles. Creating duplicate files
Action start 2:39:20: DuplicateFiles.
Action ended 2:39:20: DuplicateFiles. Return value 1.
Action 2:39:20: BindImage. Binding executables
Action start 2:39:20: BindImage.
Action ended 2:39:20: BindImage. Return value 1.
Action 2:39:20: RegisterClassInfo. Registering Class servers
Action start 2:39:20: RegisterClassInfo.
Action ended 2:39:20: RegisterClassInfo. Return value 1.
Action 2:39:20: RegisterMIMEInfo. Registering MIME info
Action start 2:39:20: RegisterMIMEInfo.
Action ended 2:39:20: RegisterMIMEInfo. Return value 1.
Action 2:39:20: RegisterTypeLibraries. Registering type libraries
Action start 2:39:20: RegisterTypeLibraries.
Action ended 2:39:20: RegisterTypeLibraries. Return value 1.
Action 2:39:20: WriteRegistryValues. Writing system registry values
Action start 2:39:20: WriteRegistryValues.
Action ended 2:39:20: WriteRegistryValues. Return value 1.
Action 2:39:20: WriteIniValues. Writing INI files values
Action start 2:39:20: WriteIniValues.
Action ended 2:39:20: WriteIniValues. Return value 1.
Action 2:39:20: WriteEnvironmentStrings. Updating environment strings
Action start 2:39:20: WriteEnvironmentStrings.
Action ended 2:39:20: WriteEnvironmentStrings. Return value 1.
Action 2:39:20: RegisterFonts. Registering fonts
Action start 2:39:20: RegisterFonts.
Action ended 2:39:20: RegisterFonts. Return value 1.
Action 2:39:20: InstallODBC. Installing ODBC components
Action start 2:39:20: InstallODBC.
Action ended 2:39:20: InstallODBC. Return value 1.
Action 2:39:20: SelfRegModules. Registering modules
Action start 2:39:20: SelfRegModules.
Action ended 2:39:20: SelfRegModules. Return value 1.
Action 2:39:20: RegisterComPlus. Registering COM+ Applications and Components
Action start 2:39:20: RegisterComPlus.
Action ended 2:39:20: RegisterComPlus. Return value 1.
Action 2:39:20: InstallServices. Installing new services
Action start 2:39:20: InstallServices.
Action ended 2:39:20: InstallServices. Return value 1.
Action 2:39:20: StartServices. Starting services
Action start 2:39:20: StartServices.
Action ended 2:39:20: StartServices. Return value 1.
Action 2:39:20: RegisterUser. Registering user
Action start 2:39:20: RegisterUser.
Action ended 2:39:20: RegisterUser. Return value 1.
Action 2:39:20: RegisterProduct. Registering product
Action start 2:39:20: RegisterProduct.
Action ended 2:39:20: RegisterProduct. Return value 1.
Action 2:39:20: PublishComponents. Publishing Qualified Components
Action start 2:39:20: PublishComponents.
Action ended 2:39:20: PublishComponents. Return value 1.
Action 2:39:20: MsiPublishAssemblies. Publishing assembly information
Action start 2:39:20: MsiPublishAssemblies.
Action ended 2:39:20: MsiPublishAssemblies. Return value 1.
Action 2:39:20: PublishFeatures. Publishing Product Features
Action start 2:39:20: PublishFeatures.
Action ended 2:39:20: PublishFeatures. Return value 1.
Action 2:39:20: PublishProduct. Publishing product information
Action start 2:39:20: PublishProduct.
Action ended 2:39:20: PublishProduct. Return value 1.
Action 2:39:20: CreateShortcuts. Creating shortcuts
Action start 2:39:20: CreateShortcuts.
Action ended 2:39:20: CreateShortcuts. Return value 1.
Action 2:39:20: InstallFinalize. 
Action start 2:39:20: InstallFinalize.
Action 2:39:20: ProcessComponents. Updating component registration
Action start 2:39:20: ProcessComponents.
1: {8122DAB1-ED4D-3676-BB0A-CA368196543E} 2: {FE80AAC7-9373-345B-8C89-01D4359338F8} 3: 02:\SOFTWARE\Microsoft\VisualStudio\12.0\VC\Runtimes\x86\Version 
1: {8122DAB1-ED4D-3676-BB0A-CA368196543E} 2: {0835C947-D6D2-4E52-AF14-0231D04E88EA} 3: C:\windows\syswow64\msvcr120.dll 
1: {8122DAB1-ED4D-3676-BB0A-CA368196543E} 2: {74260D9F-D644-423B-B2D4-0291EA4BA8BE} 3: C:\windows\syswow64\msvcp120.dll 
1: {8122DAB1-ED4D-3676-BB0A-CA368196543E} 2: {63B83B20-1AB9-4F49-B0B2-4489724CA96C} 3: C:\windows\syswow64\vccorlib120.dll 
1: {8122DAB1-ED4D-3676-BB0A-CA368196543E} 2: {E08DC543-ADA7-466B-B629-CE908DD9BDE3} 3: C:\windows\syswow64\vcamp120.dll 
1: {8122DAB1-ED4D-3676-BB0A-CA368196543E} 2: {1A7754D3-744B-439A-B284-BD7A1C24FCFA} 3: C:\windows\syswow64\vcomp120.dll 
1: {8122DAB1-ED4D-3676-BB0A-CA368196543E} 2: {02A33D46-BBAA-3AE1-B18F-390B34F69D25} 3: 02:\SOFTWARE\Microsoft\DevDiv\vc\Servicing\12.0\SP 
1: {8122DAB1-ED4D-3676-BB0A-CA368196543E} 2: {0158CC3C-4468-3BEE-AAE9-C15CBC41D67D} 3: 02:\SOFTWARE\Microsoft\DevDiv\vc\Servicing\12.0\RuntimeMinimum\Install 
1: {8122DAB1-ED4D-3676-BB0A-CA368196543E} 2: {6F8AC7C7-2FFA-388E-BCFE-186E61ACB437} 3: -1:\Software\Classes\Installer\Dependencies\Microsoft.VS.VC_RuntimeMinimumVSU_x86,v12\Version 
Action ended 2:39:20: ProcessComponents. Return value 1.
Action 2:39:20: UnpublishComponents. Unpublishing Qualified Components
Action start 2:39:20: UnpublishComponents.
Action ended 2:39:20: UnpublishComponents. Return value 1.
Action 2:39:20: MsiUnpublishAssemblies. Unpublishing assembly information
Action start 2:39:20: MsiUnpublishAssemblies.
Action ended 2:39:20: MsiUnpublishAssemblies. Return value 1.
Action 2:39:20: UnpublishFeatures. Unpublishing Product Features
Action start 2:39:20: UnpublishFeatures.
Action ended 2:39:20: UnpublishFeatures. Return value 1.
Action 2:39:20: StopServices. Stopping services
Action start 2:39:20: StopServices.
Action ended 2:39:20: StopServices. Return value 1.
Action 2:39:20: DeleteServices. Deleting services
Action start 2:39:20: DeleteServices.
Action ended 2:39:20: DeleteServices. Return value 1.
Action 2:39:20: SelfUnregModules. Unregistering modules
Action start 2:39:20: SelfUnregModules.
Action ended 2:39:20: SelfUnregModules. Return value 1.
Action 2:39:20: UnregisterTypeLibraries. Unregistering type libraries
Action start 2:39:20: UnregisterTypeLibraries.
Action ended 2:39:20: UnregisterTypeLibraries. Return value 1.
Action 2:39:20: RemoveODBC. Removing ODBC components
Action start 2:39:20: RemoveODBC.
Action ended 2:39:20: RemoveODBC. Return value 1.
Action 2:39:20: UnregisterFonts. Unregistering fonts
Action start 2:39:20: UnregisterFonts.
Action ended 2:39:20: UnregisterFonts. Return value 1.
Action 2:39:20: RemoveRegistryValues. Removing system registry values
Action start 2:39:20: RemoveRegistryValues.
Action ended 2:39:20: RemoveRegistryValues. Return value 1.
Action 2:39:20: UnregisterClassInfo. Unregister Class servers
Action start 2:39:20: UnregisterClassInfo.
Action ended 2:39:20: UnregisterClassInfo. Return value 1.
Action 2:39:20: UnregisterMIMEInfo. Unregistering MIME info
Action start 2:39:20: UnregisterMIMEInfo.
Action ended 2:39:20: UnregisterMIMEInfo. Return value 1.
Action 2:39:20: RemoveIniValues. Removing INI files entries
Action start 2:39:20: RemoveIniValues.
Action ended 2:39:20: RemoveIniValues. Return value 1.
Action 2:39:20: RemoveShortcuts. Removing shortcuts
Action start 2:39:20: RemoveShortcuts.
Action ended 2:39:20: RemoveShortcuts. Return value 1.
Action 2:39:20: RemoveEnvironmentStrings. Updating environment strings
Action start 2:39:20: RemoveEnvironmentStrings.
Action ended 2:39:20: RemoveEnvironmentStrings. Return value 1.
Action 2:39:20: RemoveDuplicateFiles. Removing duplicated files
Action start 2:39:20: RemoveDuplicateFiles.
Action ended 2:39:20: RemoveDuplicateFiles. Return value 1.
Action 2:39:20: RemoveFiles. Removing files
Action start 2:39:20: RemoveFiles.
File: msvcp120.dll, Directory: SystemFolder_x86_VC
File: msvcr120.dll, Directory: SystemFolder_x86_VC
File: vcamp120.dll, Directory: SystemFolder_x86_VC
File: vccorlib120.dll, Directory: SystemFolder_x86_VC
File: vcomp120.dll, Directory: SystemFolder_x86_VC
Action ended 2:39:20: RemoveFiles. Return value 1.
Action 2:39:20: RemoveFolders. Removing folders
Action start 2:39:20: RemoveFolders.
Action ended 2:39:20: RemoveFolders. Return value 1.
Action 2:39:20: CreateFolders. Creating folders
Action start 2:39:20: CreateFolders.
Action ended 2:39:20: CreateFolders. Return value 1.
Action 2:39:20: MoveFiles. Moving files
Action start 2:39:20: MoveFiles.
Action ended 2:39:20: MoveFiles. Return value 1.
Action 2:39:20: InstallFiles. Copying new files
Action start 2:39:20: InstallFiles.
File: msvcp120.dll,  Directory: SystemFolder_x86_VC,  Size: 454976
File: msvcr120.dll,  Directory: SystemFolder_x86_VC,  Size: 971072
File: vcamp120.dll,  Directory: SystemFolder_x86_VC,  Size: 339624
File: vccorlib120.dll,  Directory: SystemFolder_x86_VC,  Size: 247984
File: vcomp120.dll,  Directory: SystemFolder_x86_VC,  Size: 119968
Action ended 2:39:20: InstallFiles. Return value 1.
Action 2:39:20: DuplicateFiles. Creating duplicate files
Action start 2:39:20: DuplicateFiles.
Action ended 2:39:20: DuplicateFiles. Return value 1.
Action 2:39:20: RegisterClassInfo. Registering Class servers
Action start 2:39:20: RegisterClassInfo.
Action ended 2:39:20: RegisterClassInfo. Return value 1.
Action 2:39:20: RegisterMIMEInfo. Registering MIME info
Action start 2:39:20: RegisterMIMEInfo.
Action ended 2:39:20: RegisterMIMEInfo. Return value 1.
Action 2:39:20: RegisterTypeLibraries. Registering type libraries
Action start 2:39:20: RegisterTypeLibraries.
Action ended 2:39:20: RegisterTypeLibraries. Return value 1.
Action 2:39:20: WriteRegistryValues. Writing system registry values
Action start 2:39:20: WriteRegistryValues.
Key: HKEY_LOCAL_MACHINE\SOFTWARE\Microsoft\VisualStudio\12.0\VC\Runtimes\x86, Name: Version, Value: v12.0.40664.00
Key: HKEY_LOCAL_MACHINE\SOFTWARE\Microsoft\DevDiv\vc\Servicing\12.0, Name: SP, Value: 
Key: HKEY_LOCAL_MACHINE\SOFTWARE\Microsoft\DevDiv\vc\Servicing\12.0\RuntimeMinimum, Name: Install, Value: 
Key: HKEY_LOCAL_MACHINE\Software\Classes\Installer\Dependencies\Microsoft.VS.VC_RuntimeMinimumVSU_x86,v12, Name: Version, Value: 12.0.40664
Key: HKEY_LOCAL_MACHINE\SOFTWARE\Microsoft\VisualStudio\12.0\VC\Runtimes\x86, Name: Installed, Value: 
Key: HKEY_LOCAL_MACHINE\SOFTWARE\Microsoft\VisualStudio\12.0\VC\Runtimes\x86, Name: Major, Value: 
Key: HKEY_LOCAL_MACHINE\SOFTWARE\Microsoft\VisualStudio\12.0\VC\Runtimes\x86, Name: Minor, Value: 
Key: HKEY_LOCAL_MACHINE\SOFTWARE\Microsoft\VisualStudio\12.0\VC\Runtimes\x86, Name: Bld, Value: 
Key: HKEY_LOCAL_MACHINE\SOFTWARE\Microsoft\VisualStudio\12.0\VC\Runtimes\x86, Name: Rbld, Value: 
Key: HKEY_LOCAL_MACHINE\SOFTWARE\Microsoft\DevDiv\vc\Servicing\12.0, Name: SPIndex, Value: 
Key: HKEY_LOCAL_MACHINE\SOFTWARE\Microsoft\DevDiv\vc\Servicing\12.0\RuntimeMinimum, Name: InstallerType, Value: MSI
Key: HKEY_LOCAL_MACHINE\SOFTWARE\Microsoft\DevDiv\vc\Servicing\12.0\RuntimeMinimum, Name: SP, Value: 
Key: HKEY_LOCAL_MACHINE\SOFTWARE\Microsoft\DevDiv\vc\Servicing\12.0\RuntimeMinimum, Name: SPIndex, Value: 
Key: HKEY_LOCAL_MACHINE\SOFTWARE\Microsoft\DevDiv\vc\Servicing\12.0\RuntimeMinimum, Name: SPName, Value: RTM
Key: HKEY_LOCAL_MACHINE\SOFTWARE\Microsoft\DevDiv\vc\Servicing\12.0\RuntimeMinimum, Name: Version, Value: 12.0.40664
Key: HKEY_LOCAL_MACHINE\SOFTWARE\Microsoft\DevDiv\vc\Servicing\12.0\RuntimeMinimum, Name: UpdateVersion, Value: 12.0.40664
Key: HKEY_LOCAL_MACHINE\Software\Classes\Installer\Dependencies\Microsoft.VS.VC_RuntimeMinimumVSU_x86,v12, Name: , Value: {8122DAB1-ED4D-3676-BB0A-CA368196543E}
Key: HKEY_LOCAL_MACHINE\Software\Classes\Installer\Dependencies\Microsoft.VS.VC_RuntimeMinimumVSU_x86,v12, Name: DisplayName, Value: Microsoft Visual C++ 2013 x86 Minimum Runtime - 12.0.40664
Action ended 2:39:20: WriteRegistryValues. Return value 1.
Action 2:39:20: WriteIniValues. Writing INI files values
Action start 2:39:20: WriteIniValues.
Action ended 2:39:20: WriteIniValues. Return value 1.
Action 2:39:20: WriteEnvironmentStrings. Updating environment strings
Action start 2:39:20: WriteEnvironmentStrings.
Action ended 2:39:20: WriteEnvironmentStrings. Return value 1.
Action 2:39:20: RegisterFonts. Registering fonts
Action start 2:39:20: RegisterFonts.
Action ended 2:39:20: RegisterFonts. Return value 1.
Action 2:39:20: InstallODBC. Installing ODBC components
Action start 2:39:20: InstallODBC.
Action ended 2:39:20: InstallODBC. Return value 1.
Action 2:39:20: SelfRegModules. Registering modules
Action start 2:39:20: SelfRegModules.
Action ended 2:39:20: SelfRegModules. Return value 1.
Action 2:39:20: InstallServices. Installing new services
Action start 2:39:20: InstallServices.
Action ended 2:39:20: InstallServices. Return value 1.
Action 2:39:20: StartServices. Starting services
Action start 2:39:20: StartServices.
Action ended 2:39:20: StartServices. Return value 1.
Action 2:39:20: RegisterUser. Registering user
Action start 2:39:20: RegisterUser.
1:  
Action ended 2:39:20: RegisterUser. Return value 1.
Action 2:39:20: RegisterProduct. Registering product
Action start 2:39:20: RegisterProduct.
1: {8122DAB1-ED4D-3676-BB0A-CA368196543E} 
Action ended 2:39:20: RegisterProduct. Return value 1.
Action 2:39:20: PublishComponents. Publishing Qualified Components
Action start 2:39:20: PublishComponents.
Action ended 2:39:20: PublishComponents. Return value 1.
Action 2:39:20: MsiPublishAssemblies. Publishing assembly information
Action start 2:39:20: MsiPublishAssemblies.
Action ended 2:39:20: MsiPublishAssemblies. Return value 1.
Action 2:39:20: PublishFeatures. Publishing Product Features
Action start 2:39:20: PublishFeatures.
Feature: VC_Runtime_Minimum
Feature: Provider
Feature: Servicing_Key
Action ended 2:39:20: PublishFeatures. Return value 1.
Action 2:39:20: PublishProduct. Publishing product information
Action start 2:39:20: PublishProduct.
1: {8122DAB1-ED4D-3676-BB0A-CA368196543E} 
Action ended 2:39:20: PublishProduct. Return value 1.
Action 2:39:20: CreateShortcuts. Creating shortcuts
Action start 2:39:20: CreateShortcuts.
Action ended 2:39:20: CreateShortcuts. Return value 1.
Action ended 2:39:20: InstallFinalize. Return value 1.
Action 2:39:20: RemoveExistingProducts. Removing applications
Action start 2:39:20: RemoveExistingProducts.
Action ended 2:39:20: RemoveExistingProducts. Return value 1.
Action ended 2:39:20: INSTALL. Return value 1.
1: Microsoft Visual C++ 2013 x86 Minimum Runtime - 12.0.40664 2: {8122DAB1-ED4D-3676-BB0A-CA368196543E} 3: 1 
Property(S): DiskPrompt = 
Property(S): UpgradeCode = {B59F5BF1-67C8-3802-8E59-2CE551A39FC5}
Property(S): REDISTFOUNDVERLANG = #1
Property(S): REDISTFOUNDVER = #1
Property(S): TARGETDIR = C:\
Property(S): SystemFolder_x86_VC = C:\windows\syswow64\
Property(S): SourceDir = C:\ProgramData\Package Cache\{8122DAB1-ED4D-3676-BB0A-CA368196543E}v12.0.40664\packages\vcRuntimeMinimum_x86\
Property(S): SystemFolder = C:\windows\syswow64\
Property(S): VersionNT = 603
Property(S): ALLUSERS = 1
Property(S): ARPHELPLINK = http://go.microsoft.com/fwlink/?LinkId=133405
Property(S): ARPNOMODIFY = 1
Property(S): ARPURLUpdateInfo = http://go.microsoft.com/fwlink/?LinkId=133408
Property(S): ARPCOMMENTS = Caution. Removing this product might prevent some applications from running.
Property(S): comspec_cmd = %comspec%
Property(S): DDPatch = 0
Property(S): FeatureID = 1
Property(S): FILESINUSETEXT = The following applications should be closed before continuing the install:
Property(S): FXAssemblyVersion = 4.0.0.0
Property(S): FXAssemblyVersion35 = 3.5.0.0
Property(S): INSTALLLEVEL = 2
Property(S): LIMITUI = 1
Property(S): NullGUID = {00000000-0000-0000-0000-000000000000}
Property(S): PIDRegEntryName = ProductID
Property(S): PIDUserNameRegKey = SOFTWARE\Microsoft\VisualStudio\7.0\Registration
Property(S): PIDUserNameRegRoot = HKEY_LOCAL_MACHINE
Property(S): PrimaryDir = VS7.3643236F_FC70_11D3_A536_0090278A1BB8
Property(S): REBOOT = ReallySuppress
Property(S): REPAIR_REINSTALLMODE = pecmsu
Property(S): ReserveAdditionalCostVS7UI = 8388608
Property(S): RunCount = 49
Property(S): UpdateProp1 = 0
Property(S): UpdateProp2 = 0
Property(S): UpdateProp3 = 0
Property(S): UpdateProp4 = 0
Property(S): UpdateProp5 = 0
Property(S): UserNameRegEntryName = UserName
Property(S): ARPSYSTEMCOMPONENT = 1
Property(S): BuildType = ret
Property(S): URTVersion = v4.0.30319
Property(S): LocProductName = Microsoft Visual C++ 2013 x86 Runtime
Property(S): ProductCPU = x86
Property(S): ProductEdition = Runtime
Property(S): ProductFamily = VC
Property(S): ProductImage = net
Property(S): RTM_ProductVersion = 12.0.40664
Property(S): ProductVersionHigh = 720896
Property(S): ProductVersionLow = 1999110144
Property(S): MsiLogging = voicewarmup
Property(S): Manufacturer = Microsoft Corporation
Property(S): ProductCode = {8122DAB1-ED4D-3676-BB0A-CA368196543E}
Property(S): ProductLanguage = 1033
Property(S): ProductName = Microsoft Visual C++ 2013 x86 Minimum Runtime - 12.0.40664
Property(S): ProductVersion = 12.0.40664
Property(S): DirectoryTable100_x86 = DirectoryTable
Property(S): SecureCustomProperties = IE501FOUND.3643236F_FC70_11D3_A536_0090278A1BB8;IGNOREDEPENDENCIES;INSTALLBLOCKFOUND.3643236F_FC70_11D3_A536_0090278A1BB8;JSHFOUNDVER;NEWERVCRUNTIMEVERSIONDETECTED;OCMFOUNDVER;OCMFOUNDVERLANG;REDISTFOUNDVER;REDISTFOUNDVERLANG;UNINSTALLBLOCKFOUND.3643236F_FC70_11D3_A536_0090278A1BB8;UPGRADEVCRUNTIME
Property(S): WixPdbPath = f:\ddSetup\SD\5\wix\outs\x86ret\enu\cooked\vc_RuntimeMinimum_net.wixpdb
Property(S): AdminUser = 1
Property(S): Privileged = 1
Property(S): MsiRunningElevated = 1
Property(S): MsiTrueAdminUser = 1
Property(S): CommonAppDataFolder = C:\ProgramData\
Property(S): FavoritesFolder = C:\users\evan\Favorites\
Property(S): FontsFolder = C:\windows\Fonts\
Property(S): SendToFolder = C:\users\evan\AppData\Roaming\Microsoft\Windows\SendTo\
Property(S): StartMenuFolder = C:\users\evan\AppData\Roaming\Microsoft\Windows\Start Menu\
Property(S): StartupFolder = C:\users\evan\AppData\Roaming\Microsoft\Windows\Start Menu\Programs\StartUp\
Property(S): TemplateFolder = C:\users\evan\AppData\Roaming\Microsoft\Windows\Templates\
Property(S): DesktopFolder = C:\users\evan\Desktop\
Property(S): ProgramMenuFolder = C:\users\evan\AppData\Roaming\Microsoft\Windows\Start Menu\Programs\
Property(S): AdminToolsFolder = C:\users\evan\AppData\Roaming\Microsoft\Windows\Start Menu\Programs\Administrative Tools\
Property(S): AppDataFolder = C:\users\evan\AppData\Roaming\
Property(S): System16Folder = C:\windows\system32\
Property(S): LocalAppDataFolder = C:\users\evan\AppData\Local\
Property(S): MyPicturesFolder = C:\users\evan\Pictures\
Property(S): PersonalFolder = C:\users\evan\Documents\
Property(S): WindowsFolder = C:\windows\
Property(S): PrintHoodFolder = C:\users\evan\AppData\Roaming\Microsoft\Windows\Printer Shortcuts\
Property(S): NetHoodFolder = C:\users\evan\AppData\Roaming\Microsoft\Windows\Network Shortcuts\
Property(S): RecentFolder = C:\users\evan\AppData\Roaming\Microsoft\Windows\Recent\
Property(S): PhysicalMemory = 7857
Property(S): WindowsVolume = C:\
Property(S): TempFolder = C:\users\evan\AppData\Local\Temp\
Property(S): MsiNTProductType = 1
Property(S): WindowsBuild = 9600
Property(S): ServicePackLevel = 0
Property(S): VersionMsi = 5.0
Property(S): VersionDatabase = 500
Property(S): Intel = 23
Property(S): MsiAMD64 = 23
Property(S): Msix64 = 23
Property(S): VersionNT64 = 603
Property(S): System64Folder = C:\windows\system32\
Property(S): ProgramFiles64Folder = C:\Program Files\
Property(S): ProgramFilesFolder = C:\Program Files (x86)\
Property(S): CommonFiles64Folder = C:\Program Files\Common Files\
Property(S): CommonFilesFolder = C:\Program Files (x86)\Common Files\
Property(S): ScreenX = 1920
Property(S): ScreenY = 1080
Property(S): ColorBits = 32
Property(S): UserSID = S-1-5-21-0-0-0-1000
Property(S): MsiNetAssemblySupport = 4.6.1590.0
Property(S): UserLanguageID = 1033
Property(S): SystemLanguageID = 1033
Property(S): ProductState = -1
Property(S): LogonUser = evan
Property(S): ComputerName = GENTOO
Property(S): UILevel = 2
Property(S): PackageCode = {69CC7C28-1E28-4770-8075-1978CFD51CE3}
Property(S): DATABASE = C:\windows\Installer\77d7.msi
Property(S): OriginalDatabase = C:\ProgramData\Package Cache\{8122DAB1-ED4D-3676-BB0A-CA368196543E}v12.0.40664\packages\vcRuntimeMinimum_x86\vc_runtimeMinimum_x86.msi
Property(S): SOURCEDIR = C:\ProgramData\Package Cache\{8122DAB1-ED4D-3676-BB0A-CA368196543E}v12.0.40664\packages\vcRuntimeMinimum_x86\
Property(S): MSIFASTINSTALL = 7
Property(S): NOVSUI = 1
Property(S): ACTION = INSTALL
Property(S): EXECUTEACTION = INSTALL
Property(S): CostingComplete = 1
Property(S): ROOTDRIVE = C:\
Property(S): OutOfDiskSpace = 0
Property(S): OutOfNoRbDiskSpace = 0
1: 2 2: 0 
1: 2 2: 1 
Action ended 2:39:20: INSTALL. Return value 1.
