Initialize engine version: 2020.3.12f1 (b3b2c6512326)
[Subsystems] Discovering subsystems at path Z:/home/evan/qBits/Disco Elysium - The Final Cut/disco_Data/UnitySubsystems
GfxDevice: creating device client; threaded=1
Direct3D:
    Version:  Direct3D 11.0 [level 11.1]
    Renderer: NVIDIA GeForce GTX 1050 Ti (ID=0x1c82)
    Vendor:   
    VRAM:     4096 MB
    Driver:   35.0.15.6094
D3D11 device created for Microsoft Media Foundation video decoding.
<RI> Initializing input.
<RI> Input initialized.
Unable to determine Max Full Frame Tonemap Luminance from display.

Unable to determine Max Tonemap Luminance from display

Unable to determine Min Tonemap Luminance from display

<RI> Initialized touch support.
UnloadTime: 0.822200 ms
Unloading 5 Unused Serialized files (Serialized files now loaded: 3)
[LocalizationManager_Languages] SavedLanguage:English
UnityEngine.Logger:Log(LogType, Object)
UnityEngine.Debug:Log(Object)
I2.Loc.LocalizationManager:SelectStartupLanguage()
I2.Loc.LocalizationManager:InitializeIfNeeded()
I2.Loc.LocalizationManager:get_CurrentLanguageCode()
LocalizationCustomSystem.LocalizationManager:OnEnable()

[LocalizationManager_Languages] SysLanguage:English
UnityEngine.Logger:Log(LogType, Object)
UnityEngine.Debug:Log(Object)
I2.Loc.LocalizationManager:SelectStartupLanguage()
I2.Loc.LocalizationManager:InitializeIfNeeded()
I2.Loc.LocalizationManager:get_CurrentLanguageCode()
LocalizationCustomSystem.LocalizationManager:OnEnable()


Unloading 2 unused Assets to reduce memory usage. Loaded Objects now: 7058.
Total: 5.915200 ms (FindLiveObjects: 0.499700 ms CreateObjectMapping: 0.188700 ms MarkObjects: 5.208600 ms  DeleteObjects: 0.017300 ms)

Setting up 3 worker threads for Enlighten.
  Thread -> id: 1e0 -> priority: 1 
  Thread -> id: 1e4 -> priority: 1 
  Thread -> id: 1e8 -> priority: 1 
Curl error 42: Callback aborted
